// Jest Snapshot v1, https://goo.gl/fbAQLP

exports[`Should render App component correctly 1`] = `
Array [
  <div
    className="App__Content"
  >
    <withRouter(Connect(Header)) />
    <Switch>
      <ErrorBoundary>
        <React.Suspense
          fallback={<Spinner />}
        >
          <Route
            component={
              Object {
                "$$typeof": Symbol(react.lazy),
                "_ctor": [Function],
                "_result": null,
                "_status": -1,
              }
            }
            exact={true}
            path="/"
          />
          <Route
            exact={true}
            path="/login"
            render={[Function]}
          />
          <Route
            component={
              Object {
                "$$typeof": Symbol(react.lazy),
                "_ctor": [Function],
                "_result": null,
                "_status": -1,
              }
            }
            exact={true}
            path="/mens"
          />
          <Route
            component={
              Object {
                "$$typeof": Symbol(react.lazy),
                "_ctor": [Function],
                "_result": null,
                "_status": -1,
              }
            }
            path="/mens/new-in"
          />
          <Route
            component={
              Object {
                "$$typeof": Symbol(react.lazy),
                "_ctor": [Function],
                "_result": null,
                "_status": -1,
              }
            }
            path="/mens/shoes"
          />
          <Route
            component={
              Object {
                "$$typeof": Symbol(react.lazy),
                "_ctor": [Function],
                "_result": null,
                "_status": -1,
              }
            }
            path="/mens/accessories"
          />
          <Route
            component={
              Object {
                "$$typeof": Symbol(react.lazy),
                "_ctor": [Function],
                "_result": null,
                "_status": -1,
              }
            }
            path="/mens/activewear"
          />
          <Route
            component={
              Object {
                "$$typeof": Symbol(react.lazy),
                "_ctor": [Function],
                "_result": null,
                "_status": -1,
              }
            }
            exact={true}
            path="/womens"
          />
          <Route
            component={
              Object {
                "$$typeof": Symbol(react.lazy),
                "_ctor": [Function],
                "_result": null,
                "_status": -1,
              }
            }
            path="/womens/new-in"
          />
          <Route
            component={
              Object {
                "$$typeof": Symbol(react.lazy),
                "_ctor": [Function],
                "_result": null,
                "_status": -1,
              }
            }
            path="/womens/clothing"
          />
          <Route
            component={
              Object {
                "$$typeof": Symbol(react.lazy),
                "_ctor": [Function],
                "_result": null,
                "_status": -1,
              }
            }
            path="/mens/clothing"
          />
          <Route
            component={
              Object {
                "$$typeof": Symbol(react.lazy),
                "_ctor": [Function],
                "_result": null,
                "_status": -1,
              }
            }
            path="/womens/shoes"
          />
          <Route
            component={
              Object {
                "$$typeof": Symbol(react.lazy),
                "_ctor": [Function],
                "_result": null,
                "_status": -1,
              }
            }
            path="/womens/accessories"
          />
          <Route
            component={
              Object {
                "$$typeof": Symbol(react.lazy),
                "_ctor": [Function],
                "_result": null,
                "_status": -1,
              }
            }
            path="/womens/activewear"
          />
          <Route
            component={
              Object {
                "$$typeof": Symbol(react.lazy),
                "_ctor": [Function],
                "_result": null,
                "_status": -1,
              }
            }
            path="/clothing"
          />
          <Route
            component={
              Object {
                "$$typeof": Symbol(react.lazy),
                "_ctor": [Function],
                "_result": null,
                "_status": -1,
              }
            }
            path="/shoes"
          />
          <Route
            component={
              Object {
                "$$typeof": Symbol(react.lazy),
                "_ctor": [Function],
                "_result": null,
                "_status": -1,
              }
            }
            path="/accessories"
          />
          <Route
            component={
              Object {
                "$$typeof": Symbol(react.lazy),
                "_ctor": [Function],
                "_result": null,
                "_status": -1,
              }
            }
            path="/activewear"
          />
          <Route
            component={
              Object {
                "$$typeof": Symbol(react.lazy),
                "_ctor": [Function],
                "_result": null,
                "_status": -1,
              }
            }
            exact={true}
            path="/checkout"
          />
          <Route
            component={
              Object {
                "$$typeof": Symbol(react.lazy),
                "_ctor": [Function],
                "_result": null,
                "_status": -1,
              }
            }
            exact={true}
            path="/bag"
          />
          <Route
            component={
              Object {
                "$$typeof": Symbol(react.lazy),
                "_ctor": [Function],
                "_result": null,
                "_status": -1,
              }
            }
            exact={true}
            path="/wishlist"
          />
        </React.Suspense>
      </ErrorBoundary>
    </Switch>
  </div>,
  <Footer />,
]
`;
